06-24 17:07:21 com_github_MitjaNemec_PlaceFootprints.action_place_footprints 647:Plugin executed on: 'linux'
06-24 17:07:21 com_github_MitjaNemec_PlaceFootprints.action_place_footprints 648:Plugin executed with python version: '3.12.3 (main, Apr 23 2024, 09:16:07) [GCC 13.2.1 20240417]'
06-24 17:07:21 com_github_MitjaNemec_PlaceFootprints.action_place_footprints 649:KiCad build version: 8.0.2
06-24 17:07:21 com_github_MitjaNemec_PlaceFootprints.action_place_footprints 650:Plugin version: 3.0.0
06-24 17:07:21 com_github_MitjaNemec_PlaceFootprints.action_place_footprints 651:Frame repr: <wx._core.Frame object at 0x7f43aa3dade0>
06-24 17:07:21 com_github_MitjaNemec_PlaceFootprints.place_footprints 121:getting a list of all footprints on board
06-24 17:07:21 com_github_MitjaNemec_PlaceFootprints.place_footprints 156:Footprint C6 on root level
06-24 17:07:21 com_github_MitjaNemec_PlaceFootprints.place_footprints 156:Footprint TP4 on root level
06-24 17:07:21 com_github_MitjaNemec_PlaceFootprints.place_footprints 156:Footprint C4 on root level
06-24 17:07:21 com_github_MitjaNemec_PlaceFootprints.place_footprints 156:Footprint TP5 on root level
06-24 17:07:21 com_github_MitjaNemec_PlaceFootprints.place_footprints 156:Footprint C3 on root level
06-24 17:07:21 com_github_MitjaNemec_PlaceFootprints.place_footprints 156:Footprint C7 on root level
06-24 17:07:21 com_github_MitjaNemec_PlaceFootprints.place_footprints 156:Footprint TP2 on root level
06-24 17:07:21 com_github_MitjaNemec_PlaceFootprints.place_footprints 156:Footprint R5 on root level
06-24 17:07:21 com_github_MitjaNemec_PlaceFootprints.place_footprints 156:Footprint R3 on root level
06-24 17:07:21 com_github_MitjaNemec_PlaceFootprints.place_footprints 156:Footprint C5 on root level
06-24 17:07:21 com_github_MitjaNemec_PlaceFootprints.place_footprints 156:Footprint TP3 on root level
06-24 17:07:21 com_github_MitjaNemec_PlaceFootprints.place_footprints 156:Footprint U1 on root level
06-24 17:07:21 com_github_MitjaNemec_PlaceFootprints.place_footprints 156:Footprint Y1 on root level
06-24 17:07:21 com_github_MitjaNemec_PlaceFootprints.place_footprints 156:Footprint TP1 on root level
06-24 17:07:21 com_github_MitjaNemec_PlaceFootprints.place_footprints 156:Footprint C2 on root level
06-24 17:07:21 com_github_MitjaNemec_PlaceFootprints.place_footprints 156:Footprint R1 on root level
06-24 17:07:21 com_github_MitjaNemec_PlaceFootprints.place_footprints 156:Footprint C1 on root level
06-24 17:07:21 com_github_MitjaNemec_PlaceFootprints.place_footprints 156:Footprint R4 on root level
06-24 17:07:21 com_github_MitjaNemec_PlaceFootprints.place_footprints 156:Footprint R2 on root level
06-24 17:07:23 com_github_MitjaNemec_PlaceFootprints.action_place_footprints 830:Reference designator is: Q
06-24 17:07:23 com_github_MitjaNemec_PlaceFootprints.action_place_footprints 831:Reference number is: 1
06-24 17:07:23 com_github_MitjaNemec_PlaceFootprints.action_place_footprints 863:Sorted and filtered list:
['Q1', 'Q2', 'Q3', 'Q4']
06-24 17:07:23 com_github_MitjaNemec_PlaceFootprints.action_place_footprints 359:wx.Colour(40, 46, 51, 255)
